2024-09-04 20:40:57,820 - root - INFO - The subroots of abalone is
 [3584, 3073, 2562, 3074, 1026, 2565, 4102, 4099, 4105, 2061, 3603, 3605, 2581, 29, 2593, 2091, 2607, 3119, 3633, 3638, 1591, 2617, 570, 572, 3648, 68, 4174, 2639, 1104, 1106, 2137, 1632, 2659, 3691, 3695, 111, 3185, 625, 1653, 124, 1154, 1668, 2183, 2697, 3210, 2703, 1682, 1172, 150, 3740, 2718, 680, 3754, 3755, 3246, 3758, 2228, 1718, 1207, 2232, 3768, 3770, 1211, 706, 1229, 208, 3793, 1745, 3283, 1241, 1755, 1759, 1257, 1260, 1773, 3313, 243, 2806, 1278, 1790, 1284, 1799, 776, 3340, 2319, 3856, 2836, 287, 2338, 2850, 2861, 2352, 823, 3896, 1850, 828, 3901, 2888, 1868, 845, 844, 3412, 2389, 853, 1372, 2402, 2918, 362, 1898, 1903, 3953, 2935, 2937, 386, 2956, 1428, 916, 1435, 3996, 924, 927, 2977, 1443, 935, 936, 429, 1458, 2485, 2488, 1976, 3513, 2491, 3005, 3524, 3014, 1996, 3532, 462, 1492, 2008, 986, 475, 4064, 1508, 492, 4076, 3566, 3571, 1014, 3066, 3580, 4094, 2559] 
2024-09-04 20:44:05,746 - root - INFO - The subroots of abalone is
 [3584, 3073, 3074, 4099, 3075, 1541, 4102, 260, 1799, 2061, 2319, 3856, 785, 2836, 2581, 3093, 3605, 29, 4129, 2593, 2849, 2338, 2850, 2091, 1581, 46, 3119, 3120, 3633, 2861, 2352, 3638, 823, 2617, 828, 3901, 2113, 68, 3657, 844, 1613, 4174, 1356, 3415, 1371, 3422, 1632, 2402, 2659, 100, 2405, 2918, 2666, 3691, 362, 2669, 1901, 111, 3695, 625, 1649, 1392, 3953, 1653, 1911, 2935, 2937, 3962, 1912, 124, 1919, 1154, 1668, 2183, 2697, 1929, 2956, 2703, 1682, 1172, 916, 2453, 1945, 1435, 3740, 3996, 924, 927, 423, 2983, 1705, 3754, 3246, 1710, 1458, 2228, 1718, 1207, 3513, 3005, 3014, 3532, 1229, 1996, 462, 208, 1745, 3793, 1241, 986, 1755, 475, 1759, 4064, 1508, 1257, 492, 1773, 4076, 3571, 244, 1782, 2806, 1014, 3066, 3580, 1278] 
2024-09-04 20:48:00,413 - root - INFO - The subroots of abalone is
 [3584, 3073, 3074, 4099, 4105, 2061, 2577, 2581, 2593, 1059, 2091, 3119, 2617, 1087, 2113, 68, 2121, 3657, 1611, 1099, 4174, 2644, 3676, 2659, 2666, 107, 3691, 3695, 1649, 1154, 1668, 2183, 2697, 2703, 1682, 1172, 3740, 1197, 3246, 1710, 3758, 689, 1204, 2228, 1718, 1207, 706, 3271, 2760, 2762, 208, 3793, 1745, 3283, 1241, 1755, 1759, 3313, 1782, 2806, 760, 1799, 1288, 2319, 3856, 2836, 3350, 792, 287, 2335, 2338, 2850, 1828, 2861, 2352, 823, 1850, 3901, 3911, 1868, 1356, 3412, 853, 342, 1884, 1885, 2914, 2402, 2405, 362, 1901, 2418, 2935, 3962, 1919, 2956, 916, 2453, 1435, 3996, 924, 927, 2979, 2983, 936, 423, 429, 944, 1458, 3513, 2491, 3005, 3524, 967, 2504, 972, 462, 4047, 986, 4064, 1508, 4076, 492, 3571, 1014, 3066, 3579, 3580] 
2024-09-04 20:48:35,691 - root - INFO - The subroots of iris is
 [52, 117, 45, 126, 127] 
2024-09-04 20:52:42,064 - root - INFO - The subroots of iris is
 [52, 117, 45, 126, 127] 
2024-09-04 20:54:35,419 - root - INFO - The subroots of iris is
 [52, 117, 45, 126, 127] 
2024-09-04 20:55:31,118 - root - INFO - The subroots of iris is
 [144, 52, 124, 45, 126, 127] 
2024-09-04 20:56:57,893 - root - INFO - The subroots of iris is
 [52, 117, 45, 126, 127] 
2024-09-04 20:58:53,053 - root - INFO - The subroots of iris is
 [85, 117, 45, 126, 127] 
2024-09-04 21:02:06,253 - root - INFO - The subroots of iris is
 [52, 117, 45, 126, 127] 
2024-09-04 21:04:00,132 - root - INFO - The subroots of iris is
 [144, 52, 124, 45, 126, 127] 
2024-09-04 21:05:35,947 - root - INFO - The subroots of iris is
 [141, 124, 45, 126, 63] 
2024-09-04 21:08:13,284 - root - INFO - The subroots of iris is
 [48, 52, 127, 45, 143] 
2024-09-04 21:09:53,141 - root - INFO - The subroots of iris is
 [52, 117, 124, 45, 127] 
2024-09-04 21:10:30,767 - root - INFO - The subroots of iris is
 [52, 117, 124, 45, 126, 127] 
2024-09-04 21:12:35,536 - root - INFO - The subroots of iris is
 [52, 117, 124, 45, 126, 127] 
2024-09-04 21:13:11,982 - root - INFO - The subroots of iris is
 [52, 117, 45, 126, 127] 
2024-09-04 21:17:49,308 - root - INFO - The subroots of iris is
 [85, 45, 126, 127] 
2024-09-06 14:51:06,742 - root - INFO - The subroots of abalone is
 [3584, 3073, 2562, 4099, 3074, 1541, 4102, 4105, 2061, 1554, 4115, 3605, 2581, 2593, 2091, 3119, 3638, 2102, 1080, 2113, 68, 4174, 3155, 2644, 1637, 1640, 2666, 3691, 2669, 111, 3695, 625, 1653, 124, 3203, 2183, 2697, 1677, 2703, 1682, 1172, 3754, 1710, 689, 2228, 1718, 1207, 1722, 3770, 3774, 706, 208, 1745, 2258, 3281, 2261, 1241, 1755, 1759, 1257, 1266, 2806, 1782, 1278, 3328, 1799, 265, 2319, 785, 2836, 792, 2335, 2338, 3875, 1828, 2850, 294, 298, 1836, 2861, 2352, 1330, 823, 1850, 3901, 2371, 2888, 3402, 1356, 1868, 845, 1872, 2899, 3412, 853, 342, 1371, 1885, 3422, 2405, 1901, 887, 2935, 2425, 3962, 1413, 3466, 2956, 402, 916, 2453, 1435, 924, 3996, 2462, 927, 3491, 423, 3495, 3513, 3005, 3014, 967, 3532, 972, 462, 4047, 2008, 986, 4064, 1508, 492, 3566, 1014, 3065, 3066, 3580, 3069, 4094, 2559] 
2024-09-06 14:55:24,596 - root - INFO - The subroots of abalone is
 [3584, 3073, 2562, 4099, 3074, 2061, 3603, 2581, 3605, 29, 4129, 2593, 551, 2091, 46, 3119, 3120, 3638, 1591, 1080, 2102, 2113, 3653, 2121, 3657, 1101, 4174, 2639, 1106, 596, 2644, 2141, 1632, 2659, 2666, 3691, 2669, 111, 625, 1653, 124, 1154, 1668, 2697, 2703, 1682, 1172, 3740, 680, 3754, 3755, 3246, 1710, 689, 1204, 2228, 1718, 2748, 208, 3793, 1745, 2261, 1241, 1755, 2786, 1257, 1260, 1773, 1775, 3313, 2806, 760, 1278, 1284, 1799, 3340, 2319, 785, 287, 2850, 294, 298, 1836, 2861, 2352, 3893, 823, 1850, 3899, 828, 3901, 3911, 3402, 1868, 845, 1356, 3412, 853, 342, 3415, 2391, 1885, 3422, 2402, 2405, 1894, 1898, 362, 1901, 1392, 2935, 2937, 3962, 386, 901, 1929, 2956, 916, 2453, 1435, 3996, 924, 927, 2983, 423, 2485, 3513, 2491, 3005, 961, 3524, 3014, 2504, 3532, 462, 3535, 3030, 3031, 986, 1508, 492, 4079, 3571, 3066, 3579, 3580, 3069, 4094, 2559] 
2024-09-06 15:23:21,934 - root - INFO - The subroots of abalone is
 [3584, 3073, 3074, 4099, 2562, 4102, 4105, 2068, 3605, 3609, 29, 2593, 1059, 2091, 3119, 2102, 2617, 1600, 3649, 2113, 68, 3657, 2121, 4174, 2644, 2137, 1632, 2659, 100, 2666, 3691, 1653, 1659, 1154, 2183, 2697, 3210, 2703, 1682, 1172, 3740, 3754, 3755, 3758, 3246, 1710, 2228, 1718, 1207, 2749, 3271, 2762, 208, 1745, 3793, 2261, 1241, 1755, 1759, 3297, 3313, 1266, 243, 2806, 248, 1278, 256, 1799, 2315, 2319, 792, 2335, 287, 2849, 2850, 1826, 298, 1835, 1836, 2861, 2352, 823, 1850, 3899, 3901, 1345, 3911, 1868, 845, 1356, 853, 859, 1371, 1885, 3422, 2402, 2405, 2918, 362, 1898, 1901, 2935, 1912, 2425, 3962, 386, 2956, 916, 2453, 1435, 3996, 927, 2977, 3491, 2983, 423, 936, 3495, 429, 3504, 1458, 3513, 3005, 3524, 3014, 3532, 1996, 462, 4047, 3030, 3031, 2007, 1497, 986, 2529, 1508, 492, 3566, 4079, 3571, 3065, 3066, 3069] 
2024-09-06 15:24:07,947 - root - INFO - The subroots of balance is
 [577, 382, 199, 523, 13, 528, 593, 275, 602, 346, 156, 91, 605, 484, 294, 486, 234, 299, 174, 622, 432, 434, 499, 52, 572, 510] 
2024-09-06 15:24:12,602 - root - INFO - The subroots of banknote is
 [1290, 524, 1039, 1168, 1302, 918, 662, 1178, 1052, 1183, 1055, 672, 170, 298, 172, 1201, 565, 1334, 1213, 958, 320, 706, 580, 1095, 970, 1228, 77, 204, 721, 87, 474, 859, 224, 103, 1258, 1132, 508, 1264, 1266, 1139, 755, 375, 892, 1151] 
2024-09-06 15:24:16,833 - root - INFO - The subroots of breast is
 [260, 198, 135, 454, 396, 141, 22, 23, 28, 416, 289, 354, 227, 36, 100, 358, 424, 296, 377, 302, 369, 179, 437, 57, 251, 252, 189, 319] 
2024-09-06 15:24:18,415 - root - INFO - The subroots of dermatology is
 [193, 195, 325, 38, 101, 232, 358, 236, 243, 311, 219] 
2024-09-06 15:24:20,558 - root - INFO - The subroots of diabetes is
 [78, 15, 80, 721, 662, 668, 732, 220, 221, 224, 551, 360, 490, 685, 113, 627, 54, 502, 508, 509] 
2024-09-06 15:24:22,726 - root - INFO - The subroots of ecoli is
 [289, 262, 232, 169, 268, 332, 238, 303, 80, 209, 276, 181, 127, 94, 223] 
2024-09-06 15:24:23,614 - root - INFO - The subroots of glass is
 [195, 133, 74, 75, 14, 210, 149, 152, 156] 
2024-09-06 15:24:24,547 - root - INFO - The subroots of haberman is
 [80, 121, 242, 51, 255, 265, 111] 
2024-09-06 15:24:25,666 - root - INFO - The subroots of ionosphere is
 [98, 260, 69, 327, 9, 299, 144, 339, 214, 279, 316, 222] 
2024-09-06 15:24:26,358 - root - INFO - The subroots of iris is
 [112, 37, 24, 124, 45, 63] 
2024-09-06 15:24:26,831 - root - INFO - The subroots of led is
 [64, 130, 51, 54, 59, 63] 
2024-09-06 15:24:33,394 - root - INFO - The subroots of mfeat_karhunen is
 [1536, 1666, 1417, 524, 142, 1039, 1936, 1553, 1938, 526, 1300, 1303, 663, 1561, 23, 1051, 287, 675, 1446, 1575, 1069, 1710, 1458, 1587, 1588, 1972, 1461, 1335, 951, 1463, 1082, 819, 1085, 1469, 1346, 1219, 1987, 706, 325, 1863, 453, 1485, 1744, 1361, 1618, 1495, 728, 859, 1381, 869, 1509, 1383, 1514, 1260, 1263, 498, 1267, 1524, 118, 1529, 891, 894] 
2024-09-06 15:24:49,006 - root - INFO - The subroots of mfeat_zernike is
 [1539, 1800, 1545, 10, 1041, 1810, 274, 1300, 1301, 1556, 281, 1565, 1568, 1312, 1829, 295, 1575, 1576, 810, 561, 819, 1078, 318, 1599, 1093, 1869, 1359, 1631, 362, 879, 1649, 1655, 1659, 381, 382, 1406, 1924, 1422, 1427, 149, 1430, 1688, 1440, 1442, 932, 1445, 1197, 429, 1458, 1716, 695, 1727, 1984, 1731, 1475, 1990, 1740, 1489, 1234, 467, 1236, 1492, 1495, 1496, 217, 732, 229, 1514, 1770, 1264, 1522, 1778, 1531, 1788, 1533] 
2024-09-06 15:24:59,942 - root - INFO - The subroots of musk is
 [0, 323, 261, 197, 392, 393, 267, 337, 345, 293, 298, 171, 362, 364, 46, 303, 49, 247, 376, 383] 
2024-09-06 15:25:02,260 - root - INFO - The subroots of pima is
 [577, 449, 14, 78, 400, 79, 464, 277, 665, 410, 668, 412, 741, 294, 360, 747, 685, 750, 175, 114, 627, 755, 510] 
2024-09-06 15:25:04,356 - root - INFO - The subroots of seeds is
 [195, 6, 75, 81, 149, 186, 157, 95] 
2024-09-06 15:25:11,032 - root - INFO - The subroots of segment is
 [512, 513, 773, 529, 1554, 1299, 1044, 22, 2081, 548, 36, 1320, 1835, 50, 1588, 820, 823, 57, 1595, 1853, 1855, 1350, 1098, 332, 333, 344, 109, 1136, 625, 1393, 374, 1911, 1661, 1409, 132, 1418, 653, 1938, 659, 405, 410, 1178, 674, 679, 680, 1961, 1459, 185, 1722, 1979, 1477, 1996, 1746, 1748, 1495, 1246, 2016, 2017, 224, 2018, 2026, 1003, 755, 1783, 1275, 1790] 
2024-09-06 15:25:23,922 - root - INFO - The subroots of soybean is
 [192, 259, 264, 274, 275, 276, 277, 214, 217, 290, 102, 172, 237, 116, 53, 57] 
2024-09-06 15:25:24,815 - root - INFO - The subroots of thyroid is
 [65, 197, 70, 69, 199, 138, 11, 75, 155, 91, 164, 37, 166, 39, 103, 43, 46, 115, 189, 123, 61] 
2024-09-06 15:25:27,039 - root - INFO - The subroots of vehicle is
 [385, 2, 707, 710, 782, 206, 19, 413, 287, 417, 34, 612, 39, 359, 42, 47, 497, 307, 243, 381, 319] 
2024-09-06 15:26:20,707 - root - INFO - The subroots of waveform is
 [4608, 1030, 4102, 519, 4622, 2575, 4625, 4627, 3604, 1558, 535, 1050, 3615, 32, 4642, 1577, 2601, 4139, 1066, 4151, 4668, 1085, 3645, 3648, 67, 4676, 4677, 2631, 1607, 1609, 2126, 1107, 4184, 4187, 99, 4710, 2151, 3689, 1647, 1140, 1661, 4741, 1160, 4233, 2187, 2195, 3733, 3734, 2713, 3738, 3740, 3229, 2719, 1183, 3234, 3235, 676, 2725, 2724, 4265, 3760, 178, 4787, 1204, 693, 2228, 3254, 4790, 4282, 3260, 1729, 2243, 713, 1738, 2764, 1749, 3288, 4313, 3291, 3809, 1251, 741, 4839, 1767, 745, 744, 3308, 3820, 3822, 2288, 1269, 1270, 2807, 763, 3837, 765, 3839, 3327, 1818, 4897, 1827, 3876, 1830, 4903, 1835, 1838, 4912, 2354, 1842, 2869, 310, 3383, 1850, 3388, 1342, 2369, 3905, 3396, 1866, 4430, 334, 1877, 1366, 4954, 349, 4446, 4965, 4453, 1900, 876, 4974, 2422, 376, 2425, 4986, 1923, 1417, 2441, 908, 4492, 3985, 914, 3992, 922, 2973, 928, 1441, 931, 1457, 433, 1976, 3515, 970, 3537, 3538, 3541, 2005, 4058, 4064, 994, 1512, 1517, 1006, 3054, 4595, 4085, 3574, 4087, 3576, 3065, 4093, 4095] 
2024-09-11 15:45:54,482 - root - INFO - The subroots of abalone is
 [68, 165, 196, 69, 70, 170, 77, 79, 18, 211, 84, 250, 93, 158] 
2024-09-11 15:48:16,895 - root - INFO - The subroots of abalone is
 [3590, 3080, 2061, 1551, 4118, 25, 4124, 2080, 3616, 1057, 1571, 3621, 40, 4138, 555, 1581, 4141, 51, 4151, 2616, 2617, 3643, 3650, 1090, 2628, 1091, 2123, 1100, 4173, 3664, 2129, 2139, 1635, 616, 3176, 3690, 106, 109, 2679, 121, 3709, 3712, 2689, 3201, 3714, 3207, 1671, 1163, 2704, 2192, 2709, 3222, 2200, 3229, 2736, 1724, 1726, 199, 202, 727, 1246, 3294, 2786, 2276, 743, 3306, 3312, 3324, 1278, 772, 2310, 2826, 3851, 269, 1295, 2833, 2325, 790, 3863, 2335, 2344, 3369, 1326, 1329, 1340, 3900, 3904, 1859, 1352, 3913, 3914, 3419, 3933, 866, 3942, 3433, 362, 2923, 363, 3947, 3945, 1916, 3456, 1924, 389, 2951, 2442, 916, 3477, 923, 932, 2469, 422, 1960, 2475, 1967, 2480, 3506, 1461, 3002, 2490, 1466, 4029, 1469, 459, 2519, 477, 478, 4063, 3045, 497, 499, 2547, 2550, 3576, 4089] 
2024-09-12 13:32:49,145 - root - INFO - The subroots of abalone is
 [4107, 2061, 1551, 4118, 4124, 2080, 1057, 3616, 3107, 3621, 40, 4138, 4141, 1581, 557, 3632, 51, 4151, 2617, 1091, 2628, 1606, 2121, 2649, 2139, 1635, 2664, 3176, 1133, 109, 3183, 624, 3697, 1143, 3704, 3709, 3201, 3207, 2697, 650, 2192, 1683, 3222, 2200, 3229, 2736, 2743, 184, 3768, 2746, 199, 202, 3789, 727, 3294, 3306, 2799, 3312, 3324, 1790, 767, 772, 2310, 3851, 269, 783, 2320, 1295, 789, 790, 3863, 3871, 2335, 3874, 1831, 2344, 3369, 2855, 2866, 3893, 1340, 1852, 3904, 3394, 1859, 840, 1352, 3913, 3914, 3917, 3921, 856, 3419, 3933, 3940, 868, 1380, 3945, 3433, 1897, 362, 1900, 2413, 3947, 363, 1916, 1924, 2437, 389, 1925, 3994, 3485, 2469, 2472, 1960, 1450, 2475, 2480, 3506, 1973, 1466, 954, 3517, 4029, 1469, 3017, 2536, 1515, 4076, 499, 2550, 3576, 4089] 
2024-09-12 13:33:38,206 - root - INFO - The subroots of balance is
 [578, 134, 141, 333, 79, 593, 276, 20, 86, 279, 536, 344, 91, 348, 482, 422, 236, 111, 309, 507, 505, 379, 252, 125, 575] 
2024-09-12 13:33:43,160 - root - INFO - The subroots of banknote is
 [0, 897, 4, 388, 520, 267, 398, 400, 1041, 790, 1302, 1307, 795, 34, 1059, 679, 552, 681, 938, 1070, 433, 565, 566, 567, 952, 1211, 704, 836, 1225, 842, 1228, 848, 977, 81, 853, 854, 88, 346, 731, 603, 735, 869, 1001, 873, 874, 748, 368, 885, 118, 632, 1018] 
2024-09-12 13:33:44,807 - root - INFO - The subroots of breast is
 [1, 131, 291, 230, 201, 333, 410, 399, 113, 367, 61, 436, 186, 381] 
2024-09-12 13:33:46,070 - root - INFO - The subroots of dermatology is
 [262, 7, 266, 142, 336, 274, 211, 348, 289, 292, 39, 298, 42, 172, 46, 175, 51] 
2024-09-12 13:33:48,251 - root - INFO - The subroots of diabetes is
 [257, 1, 3, 525, 410, 411, 415, 674, 420, 677, 552, 45, 306, 51, 700, 317, 445, 64, 452, 327, 333, 336, 720, 475, 221, 228, 356, 613, 746, 107, 624, 254] 
2024-09-12 14:18:52,407 - root - INFO - The subroots of abalone is
 [4100, 517, 3590, 2571, 2061, 1551, 3088, 2080, 1057, 3616, 3108, 3621, 1061, 40, 4138, 555, 557, 4141, 4151, 2617, 1594, 3643, 3642, 1090, 2121, 4173, 2127, 2129, 2130, 2649, 1635, 2664, 3176, 618, 109, 1133, 3183, 2160, 2679, 121, 3709, 3712, 3714, 1163, 2190, 2192, 3217, 1682, 2196, 3222, 1687, 2200, 664, 3229, 1693, 2207, 694, 2746, 1724, 2238, 199, 202, 3789, 2767, 3281, 727, 1752, 3294, 1246, 2786, 743, 3306, 2799, 3312, 2803, 3324, 1278, 2820, 772, 2310, 2826, 269, 1295, 2833, 789, 3863, 2332, 3874, 1831, 1330, 3900, 1343, 3904, 3394, 2888, 1352, 3914, 3401, 2906, 3419, 2402, 1380, 3942, 3433, 3945, 2923, 1900, 362, 364, 363, 3956, 1916, 1924, 2951, 3477, 923, 412, 1438, 932, 3493, 2469, 422, 2472, 2475, 2480, 4020, 1461, 2486, 954, 3002, 1466, 4029, 4030, 2490, 4031, 968, 2504, 2519, 477, 478, 4063, 3045, 2536, 1515, 4076, 499, 2550, 3576, 4089] 
2024-09-12 14:21:46,786 - root - INFO - The subroots of balance is
 [450, 578, 383, 330, 395, 524, 463, 401, 340, 343, 542, 478, 223, 96, 162, 420, 165, 484, 557, 174, 110, 313, 190, 575] 
2024-09-12 14:23:12,618 - root - INFO - The subroots of banknote is
 [0, 769, 643, 4, 1029, 1300, 1307, 679, 552, 41, 936, 300, 684, 433, 690, 566, 567, 952, 954, 1211, 582, 710, 966, 1225, 715, 971, 845, 337, 470, 346, 735, 481, 873, 1001, 874, 1262, 495, 372, 631, 632, 761, 1018, 892, 253] 
2024-09-12 14:23:32,541 - root - INFO - The subroots of breast is
 [128, 1, 257, 131, 69, 142, 399, 271, 16, 21, 407, 23, 409, 32, 291, 356, 230, 304, 432, 112, 182, 313] 
2024-09-12 14:23:49,647 - root - INFO - The subroots of dermatology is
 [358, 7, 266, 239, 336, 274, 275, 51, 149, 154, 348, 125] 
2024-09-12 14:24:28,354 - root - INFO - The subroots of diabetes is
 [1, 132, 262, 11, 526, 15, 405, 153, 410, 286, 168, 552, 302, 565, 54, 441, 313, 700, 445, 321, 195, 714, 333, 720, 593, 471, 602, 477, 352, 100, 229, 228, 746, 752, 122] 
2024-09-12 14:24:45,207 - root - INFO - The subroots of ecoli is
 [137, 333, 205, 145, 274, 81, 211, 85, 88, 281, 100, 58, 297, 106, 314, 59, 252, 189] 
2024-09-12 14:24:54,493 - root - INFO - The subroots of glass is
 [0, 34, 36, 102, 135, 137, 42, 19, 84, 155, 60, 31] 
2024-09-12 14:25:05,201 - root - INFO - The subroots of haberman is
 [0, 133, 70, 199, 71, 266, 77, 14, 80, 82, 218, 283, 32, 175, 183, 184, 124] 
2024-09-12 14:25:19,152 - root - INFO - The subroots of ionosphere is
 [64, 168, 10, 171, 144, 18, 245, 344, 60, 61, 223] 
2024-09-12 14:25:25,271 - root - INFO - The subroots of iris is
 [53, 71, 88, 74, 12, 13, 14] 
2024-09-12 14:25:29,796 - root - INFO - The subroots of led is
 [0, 48, 35, 117, 119, 108] 
2024-09-12 14:28:01,026 - root - INFO - The subroots of mfeat_karhunen is
 [770, 265, 783, 16, 1301, 1306, 1058, 1827, 1577, 1067, 45, 559, 1842, 1081, 571, 1596, 320, 67, 1864, 1098, 336, 1617, 1362, 849, 1109, 856, 345, 607, 96, 864, 1122, 357, 617, 366, 1148, 125, 131, 1669, 1160, 1165, 399, 1426, 1688, 668, 670, 1699, 932, 168, 1194, 689, 1203, 947, 188, 957, 964, 708, 1485, 1747, 1238, 1495, 983, 474, 1242, 988, 734, 735, 996, 1509, 1001, 745, 1264, 1523, 1784, 1273, 1530, 1278] 
2024-09-12 14:30:29,690 - root - INFO - The subroots of mfeat_zernike is
 [1792, 4, 1031, 1032, 1800, 1554, 794, 283, 1056, 1580, 1581, 818, 1079, 568, 569, 322, 1608, 1610, 850, 1620, 1627, 1377, 611, 870, 1640, 1643, 875, 1388, 1389, 1135, 1902, 1387, 363, 1143, 1915, 1416, 1931, 141, 654, 143, 1935, 1423, 401, 659, 403, 406, 408, 411, 670, 1441, 1706, 684, 1970, 1204, 1974, 1722, 1467, 194, 1733, 1481, 716, 720, 468, 472, 476, 224, 1762, 230, 1767, 998, 487, 488, 1004, 1781, 1527, 764, 509] 
2024-09-12 14:31:30,037 - root - INFO - The subroots of musk is
 [318, 260, 390, 70, 199, 11, 461, 335, 336, 23, 348, 416, 226, 421, 38, 295, 101, 358, 104, 44, 172, 109, 251, 114, 443, 190] 
2024-09-12 14:32:13,633 - root - INFO - The subroots of pima is
 [268, 528, 662, 153, 415, 288, 32, 420, 39, 46, 430, 687, 444, 189, 445, 68, 452, 710, 203, 331, 333, 719, 88, 729, 220, 356, 228, 614, 616, 104, 235, 237, 496, 241, 762, 381] 
2024-09-12 14:32:28,341 - root - INFO - The subroots of seeds is
 [162, 36, 102, 71, 42, 44, 113, 148, 119, 89, 30] 
2024-09-12 14:34:23,381 - root - INFO - The subroots of segment is
 [1792, 2051, 1032, 1291, 268, 524, 1296, 1300, 1306, 795, 1568, 1324, 814, 562, 819, 1844, 1846, 567, 1335, 573, 575, 1860, 1864, 604, 95, 611, 1379, 875, 876, 1901, 1397, 1660, 1673, 394, 1167, 1680, 664, 1952, 1190, 1193, 1197, 1967, 1202, 180, 182, 445, 1469, 965, 199, 1495, 984, 739, 999, 1512, 745, 231, 748, 2031, 1523, 1780, 1781, 1526, 243, 252, 765] 
2024-09-12 14:34:38,344 - root - INFO - The subroots of soybean is
 [5, 231, 71, 234, 299, 171, 176, 17, 83, 212, 279] 
2024-09-12 14:34:41,131 - root - INFO - The subroots of thyroid is
 [130, 101, 198, 39, 7, 140, 45, 204, 143, 209, 210, 152, 89, 186, 62] 
2024-09-12 14:34:53,705 - root - INFO - The subroots of vehicle is
 [257, 3, 259, 132, 519, 263, 154, 795, 540, 285, 289, 678, 556, 813, 302, 812, 307, 308, 53, 55, 440, 442, 699, 573, 190, 575, 193, 710, 327, 329, 585, 339, 600, 610, 617, 619, 235, 239, 624, 497, 367, 117, 630, 759, 378, 125] 
2024-09-12 14:50:12,641 - root - INFO - The subroots of waveform is
 [2050, 2051, 516, 1541, 4101, 4098, 10, 1036, 3597, 3601, 3091, 4116, 4629, 21, 3095, 3099, 4638, 3617, 546, 2085, 4134, 4136, 3114, 4652, 2092, 558, 3630, 4656, 1071, 3122, 2099, 4148, 564, 2615, 1593, 4160, 4163, 2634, 589, 3149, 79, 2644, 3157, 1620, 87, 2137, 4698, 1629, 2656, 2152, 105, 3695, 1649, 114, 1652, 1654, 3192, 121, 4219, 637, 1154, 2691, 2182, 3719, 3738, 3228, 4767, 674, 2725, 4268, 3758, 1710, 687, 689, 2226, 2227, 3257, 2241, 4290, 710, 3784, 715, 4814, 718, 720, 4302, 4306, 2255, 2776, 4824, 730, 737, 739, 2279, 750, 238, 754, 1779, 2292, 3320, 2810, 250, 4863, 3328, 2815, 3843, 1800, 4874, 3341, 2829, 4367, 784, 1806, 1298, 2323, 1807, 3861, 4374, 4891, 3356, 4379, 3871, 4384, 2339, 1828, 293, 1323, 2348, 1839, 2866, 2867, 1332, 310, 2871, 3384, 4408, 3898, 831, 1856, 1859, 1347, 4419, 2374, 2378, 331, 4428, 3919, 4438, 1878, 858, 3418, 2395, 872, 360, 4460, 2413, 2925, 4976, 4464, 883, 4470, 2936, 2939, 891, 2951, 3468, 1936, 401, 3986, 1939, 1430, 1944, 922, 2466, 4002, 1955, 4518, 2983, 1961, 2985, 4523, 1451, 3502, 2480, 3505, 1973, 2489, 1977, 3004, 3006, 2495, 2498, 1477, 2502, 1990, 4553, 3019, 1996, 3021, 4561, 4060, 988, 479, 4577, 3554, 482, 996, 485, 3048, 1517, 2542, 2544, 3060, 3573, 502, 2042, 510] 
2024-09-12 14:51:27,912 - root - INFO - The subroots of wine is
 [64, 116, 170, 156, 78, 31] 
